gavrasm Gerd's AVR assembler version 3.3 (C)2012 by DG4FAC
----------------------------------------------------------
Source file: main.asm
Hex file:    main.hex
Eeprom file: main.eep
Compiled:    26.10.2015, 11:28:15
Pass:        2
     1: ;Created by EVESAN
     2: .DEVICE "ATmega48" ;definicion del micro a usar para el compilador
     3: 
     4: .def a = R16; definimos a como el registro 16
     5: .def b = R17; definimos b como el registro 17
     6: .def c = R20; definimos c como el registro 20
     7: .def mode = R18; definimos mode como el registro 18
     8: .def led = R19; definimos a led el registro 19
     9: 
    10:           .org 0000 ;inicializa el stack
    11: 000000   EF0F  ldi a, low(RAMEND); carga en a el valor bajo de RAMEND
    12: 000001   BF0D  out spl, a ; carga el stack pointer low el valor de a
    13: 000002   E002  ldi a, high(RAMEND); carga en a el valor alto de RAMEND
    14: 000003   BF0E  out sph, a ; carga el stack pointer high el valor de a
    15: 
    16: 000004   EF2F  ldi mode, $FF; carga R17 con nivel alto
    17: 000005   B92A  out ddrd, mode; configura ddrc como salida
    18: 
    19: 
    20: 000006   E031  ldi led, $01; carga un valor de 1 a led
    21: 000007   B93B  out portd, led ; manda a d el contenido de led
    22: 000008   D03A  rcall retardo ; retardo
    23: 000009   E030  ldi led, $00; carga un valor de 0 a led
    24: 00000A   B93B  out portd, led ; manda a d el contenido de led
    25: 00000B   D037  rcall retardo ; retardo
    26: 
    27: 00000C   E032  ldi led, $02; carga un valor de 2 a led
    28: 00000D   B93B  out portd, led ; manda a d el contenido de led
    29: 00000E   D034  rcall retardo ; retardo
    30: 00000F   E030  ldi led, $00; carga un valor de 0 a led
    31: 000010   B93B  out portd, led ; manda a d el contenido de led
    32: 000011   D031  rcall retardo ; retardo
    33: 
    34: 000012   E034  ldi led, $04; carga un valor de 4 a led
    35: 000013   B93B  out portd, led ; manda a d el contenido de led
    36: 000014   D02E  rcall retardo ; retardo
    37: 000015   E030  ldi led, $00; carga un valor de 0 a led
    38: 000016   B93B  out portd, led ; manda a d el contenido de led
    39: 000017   D02B  rcall retardo ; retardo
    40: 
    41: 000018   E038  ldi led, $08; carga un valor de 8 a led
    42: 000019   B93B  out portd, led ; manda a d el contenido de led
    43: 00001A   D028  rcall retardo ; retardo
    44: 00001B   E030  ldi led, $00; carga un valor de 0 a led
    45: 00001C   B93B  out portd, led ; manda a d el contenido de led
    46: 00001D   D025  rcall retardo ; retardo
    47: 
    48: 00001E   E03F  ldi led, $0F; carga un valor de 15 a led
    49: 00001F   B93B  out portd, led ; manda a d el contenido de led
    50: 000020   D022  rcall retardo ; retardo
    51: 000021   E030  ldi led, $00; carga un valor de 0 a led
    52: 000022   B93B  out portd, led ; manda a d el contenido de led
    53: 000023   D01F  rcall retardo ; retardo
    54: 
    55: 000024   E130  ldi led, $10; carga un valor de 16 a led
    56: 000025   B93B  out portd, led ; manda a d el contenido de led
    57: 000026   D01C  rcall retardo ; retardo
    58: 000027   E030  ldi led, $00; carga un valor de 0 a led
    59: 000028   B93B  out portd, led ; manda a d el contenido de led
    60: 000029   D019  rcall retardo ; retardo
    61: 
    62: 00002A   E230  ldi led, $20; carga un valor de 32 a led
    63: 00002B   B93B  out portd, led ; manda a d el contenido de led
    64: 00002C   D016  rcall retardo ; retardo
    65: 00002D   E030  ldi led, $00; carga un valor de 0 a led
    66: 00002E   B93B  out portd, led ; manda a d el contenido de led
    67: 00002F   D013  rcall retardo ; retardo
    68: 
    69: 000030   E430  ldi led, $40; carga un valor de 64 a led
    70: 000031   B93B  out portd, led ; manda a d el contenido de led
    71: 000032   D010  rcall retardo ; retardo
    72: 000033   E030  ldi led, $00; carga un valor de 0 a led
    73: 000034   B93B  out portd, led ; manda a d el contenido de led
    74: 000035   D00D  rcall retardo ; retardo
    75: 
    76: 000036   E830  ldi led, $80; carga un valor de 128 a led
    77: 000037   B93B  out portd, led ; manda a d el contenido de led
    78: 000038   D00A  rcall retardo ; retardo
    79: 000039   E030  ldi led, $00; carga un valor de 0 a led
    80: 00003A   B93B  out portd, led ; manda a d el contenido de led
    81: 00003B   D007  rcall retardo ; retardo
    82: 
    83: 00003C   EF30  ldi led, $F0; carga un valor de 240 a led
    84: 00003D   B93B  out portd, led ; manda a d el contenido de led
    85: 00003E   D004  rcall retardo ; retardo
    86: 00003F   E030  ldi led, $00; carga un valor de 0 a led
    87: 000040   B93B  out portd, led ; manda a d el contenido de led
    88: 000041   D001  rcall retardo ; retardo
    89: 
    90: 
    91: 000042   CFC3  rjmp fin
    92: 
    93: 
    94: 000043   E340  ldi c, $30 ;1 CM
    95: 000044   E300  ldi a, $30 ; 1 CM
    96: 000045   E310  ldi b, $30 ;1 CM
    97:           ;el bloque loop tarda 1000 CM por cada vez que se llame
    98: 000046   951A  dec b; 1 (255)
    99: 000047   3010  cpi b, $00 ;1 (255)
   100: 000048   F7E9  brne loop ;2 (255)
   101: 
   102: 000049   950A  dec a; 1 CM
   103: 00004A   3000  cpi a, $00  ; 1 CM
   104: 00004B   F7C9  brne loop2; 2CM branch if not equal
   105: 00004C   954A  dec c; 1 CM
   106: 00004D   F7B1  brne loop3; 1CM
   107: 00004E   9508  ret ;4 CM retorna a dónde fué llamado

Program             :       79 words.
Constants           :        0 words.
Total program memory:       79 words.
Eeprom space        :        0 bytes.
Data segment        :        0 bytes.
Compilation completed, no errors.
Compilation endet 26.10.2015, 11:28:15
